com\frauas\javaproject\twelvechipgame\gamecomponets\NPC.class
com\frauas\javaproject\twelvechipgame\gamecomponets\Player.class
com\frauas\javaproject\twelvechipgame\gamecomponets\coinColors.class
com\frauas\javaproject\twelvechipgame\controller\DifficultyController.class
com\frauas\javaproject\twelvechipgame\gamecomponets\Coin.class
com\frauas\javaproject\twelvechipgame\gamelogic\CustomPair.class
com\frauas\javaproject\twelvechipgame\controller\GameModeController.class
com\frauas\javaproject\twelvechipgame\controller\GameFinishedController.class
com\frauas\javaproject\twelvechipgame\gamelogic\Round.class
com\frauas\javaproject\twelvechipgame\controller\MainMenuController.class
com\frauas\javaproject\twelvechipgame\controller\GameRulesController.class
com\frauas\javaproject\twelvechipgame\Main.class
com\frauas\javaproject\twelvechipgame\gamelogic\ILogic.class
module-info.class
com\frauas\javaproject\twelvechipgame\gamelogic\Logic.class
com\frauas\javaproject\twelvechipgame\controller\SettingsController.class
