C:\Users\Kuro\Desktop\12ChipGame\src\main\java\com\frauas\javaproject\twelvechipgame\controller\DifficultyController.java
C:\Users\Kuro\Desktop\12ChipGame\src\main\java\com\frauas\javaproject\twelvechipgame\controller\GameFinishedController.java
C:\Users\Kuro\Desktop\12ChipGame\src\main\java\com\frauas\javaproject\twelvechipgame\controller\GameModeController.java
C:\Users\Kuro\Desktop\12ChipGame\src\main\java\com\frauas\javaproject\twelvechipgame\controller\GameRulesController.java
C:\Users\Kuro\Desktop\12ChipGame\src\main\java\com\frauas\javaproject\twelvechipgame\controller\MainMenuController.java
C:\Users\Kuro\Desktop\12ChipGame\src\main\java\com\frauas\javaproject\twelvechipgame\controller\SettingsController.java
C:\Users\Kuro\Desktop\12ChipGame\src\main\java\com\frauas\javaproject\twelvechipgame\gamecomponets\Coin.java
C:\Users\Kuro\Desktop\12ChipGame\src\main\java\com\frauas\javaproject\twelvechipgame\gamecomponets\coinColors.java
C:\Users\Kuro\Desktop\12ChipGame\src\main\java\com\frauas\javaproject\twelvechipgame\gamecomponets\NPC.java
C:\Users\Kuro\Desktop\12ChipGame\src\main\java\com\frauas\javaproject\twelvechipgame\gamecomponets\Player.java
C:\Users\Kuro\Desktop\12ChipGame\src\main\java\com\frauas\javaproject\twelvechipgame\gamelogic\CustomPair.java
C:\Users\Kuro\Desktop\12ChipGame\src\main\java\com\frauas\javaproject\twelvechipgame\gamelogic\ILogic.java
C:\Users\Kuro\Desktop\12ChipGame\src\main\java\com\frauas\javaproject\twelvechipgame\gamelogic\Logic.java
C:\Users\Kuro\Desktop\12ChipGame\src\main\java\com\frauas\javaproject\twelvechipgame\gamelogic\Round.java
C:\Users\Kuro\Desktop\12ChipGame\src\main\java\com\frauas\javaproject\twelvechipgame\Main.java
C:\Users\Kuro\Desktop\12ChipGame\src\main\java\module-info.java
